// Jest Snapshot v1, https://goo.gl/fbAQLP

exports[`XDownloadBtn.vue the entire template snapshot 1`] = `"<span class=\\"v-tooltip v-tooltip--bottom\\"><!----><button type=\\"button\\" class=\\"v-btn v-btn--flat v-btn--icon v-btn--round theme--light v-size--small\\" id=\\"download\\" role=\\"button\\" aria-haspopup=\\"true\\" aria-expanded=\\"false\\"><span class=\\"v-btn__content\\"><i aria-hidden=\\"true\\" class=\\"v-icon notranslate mdi mdi-download theme--light\\"></i></span></button></span>"`;
