// Jest Snapshot v1, https://goo.gl/fbAQLP

exports[`XMemo.vue the entire template snapshot 1`] = `"<span>Vue.js - The Progressive JavaScript Framework</span>"`;
