// Jest Snapshot v1, https://goo.gl/fbAQLP

exports[`XListItem.vue the entire template snapshot 1`] = `
"<div draggable=\\"true\\" class=\\"d-flex flex-row py-3 list_item\\">
  <div class=\\"d-flex align-center justify-start list_item_header\\">
    <x-checkbox-stub></x-checkbox-stub>
  </div>
  <div class=\\"pr-1 d-flex flex-column align-start justify-space-around list_item_content\\">
    <x-list-item-title-stub _id=\\"5ef3668015ceb88170b5b001\\" number=\\"5\\" text=\\"Vue.js\\" url=\\"https://jp.vuejs.org/index.html\\" class=\\"subtitle-1\\"></x-list-item-title-stub>
    <div class=\\"caption grey--text text--lighten-1\\">
      <x-memo-stub text=\\"Vue.js - The Progressive JavaScript Framework\\"></x-memo-stub>
    </div>
    <div>
      <x-hashtag-stub items=\\"5ef3539b41c7218314tag001,5ef3522c41c7218314tag002\\"></x-hashtag-stub>
    </div>
    <div class=\\"d-flex align-center flex-wrap caption grey--text text--lighten-1\\">
      <x-folder-text-stub items=\\"5ef35e1118cb777folder001,5ef6ab9cbe8bcd4folder002\\"></x-folder-text-stub> <span>・</span>
      <x-domain-text-stub text=\\"jp.vuejs.org\\"></x-domain-text-stub> <span>・</span>
      <x-date-text-stub text=\\"2020-06-24T14:43:12.335Z\\"></x-date-text-stub>
    </div>
  </div>
  <!---->
</div>"
`;
